Java HotSpot(TM) 64-Bit Server VM (25.151-b12) for windows-amd64 JRE (1.8.0_151-b12), built on Sep  5 2017 19:33:46 by "java_re" with MS VC++ 10.0 (VS2010)
Memory: 4k page, physical 16727660k(10987104k free), swap 19218028k(12201296k free)
CommandLine flags: -XX:InitialHeapSize=268435456 -XX:MaxHeapSize=268435456 -XX:+PrintGC -XX:+PrintGCDateStamps -XX:+PrintGCDetails -XX:+PrintGCTimeStamps -XX:+UseCompressedClassPointers -XX:+UseCompressedOops -XX:-UseLargePagesIndividualAllocation -XX:+UseParallelGC 
2018-02-24T15:26:43.917+0300: 260.175: [GC (Allocation Failure) [PSYoungGen: 63181K->10721K(76288K)] 63181K->12193K(251392K), 0.0251008 secs] [Times: user=0.13 sys=0.00, real=0.02 secs] 
2018-02-24T15:27:03.957+0300: 280.216: [GC (Allocation Failure) [PSYoungGen: 76257K->10745K(76288K)] 77729K->36401K(251392K), 0.0321042 secs] [Times: user=0.20 sys=0.05, real=0.03 secs] 
2018-02-24T15:27:24.006+0300: 300.265: [GC (Allocation Failure) [PSYoungGen: 76281K->10730K(76288K)] 101937K->80937K(251392K), 0.0578206 secs] [Times: user=0.48 sys=0.02, real=0.06 secs] 
2018-02-24T15:27:44.079+0300: 320.338: [GC (Allocation Failure) [PSYoungGen: 67846K->10721K(76288K)] 138053K->116088K(251392K), 0.0537739 secs] [Times: user=0.31 sys=0.02, real=0.05 secs] 
2018-02-24T15:27:54.141+0300: 330.400: [GC (Allocation Failure) [PSYoungGen: 67066K->10736K(74752K)] 172433K->161729K(249856K), 0.0514791 secs] [Times: user=0.34 sys=0.02, real=0.05 secs] 
2018-02-24T15:27:54.192+0300: 330.451: [Full GC (Ergonomics) [PSYoungGen: 10736K->0K(74752K)] [ParOldGen: 150993K->56318K(175104K)] 161729K->56318K(249856K), [Metaspace: 9768K->9768K(1058816K)], 0.8023417 secs] [Times: user=2.11 sys=0.05, real=0.80 secs] 
2018-02-24T15:27:55.004+0300: 331.263: [GC (Allocation Failure) [PSYoungGen: 64000K->10752K(40448K)] 120318K->120006K(215552K), 0.0550240 secs] [Times: user=0.49 sys=0.00, real=0.06 secs] 
2018-02-24T15:27:55.059+0300: 331.318: [Full GC (Ergonomics) [PSYoungGen: 10752K->0K(40448K)] [ParOldGen: 109254K->119888K(175104K)] 120006K->119888K(215552K), [Metaspace: 9768K->9768K(1058816K)], 1.1984138 secs] [Times: user=8.30 sys=0.03, real=1.20 secs] 
2018-02-24T15:28:06.263+0300: 342.522: [GC (Allocation Failure) [PSYoungGen: 29696K->27532K(58368K)] 149584K->147421K(233472K), 0.0457153 secs] [Times: user=0.38 sys=0.00, real=0.05 secs] 
2018-02-24T15:28:06.309+0300: 342.568: [Full GC (Ergonomics) [PSYoungGen: 27532K->0K(58368K)] [ParOldGen: 119888K->93053K(175104K)] 147421K->93053K(233472K), [Metaspace: 9772K->9772K(1058816K)], 0.4500511 secs] [Times: user=1.99 sys=0.05, real=0.45 secs] 
2018-02-24T15:28:06.764+0300: 343.023: [GC (Allocation Failure) [PSYoungGen: 29696K->28672K(58368K)] 122749K->122765K(233472K), 0.1402274 secs] [Times: user=1.06 sys=0.03, real=0.14 secs] 
2018-02-24T15:28:06.909+0300: 343.168: [GC (Allocation Failure) [PSYoungGen: 58368K->28672K(58368K)] 152461K->152413K(233472K), 0.2623535 secs] [Times: user=1.83 sys=0.01, real=0.26 secs] 
2018-02-24T15:28:07.171+0300: 343.430: [Full GC (Ergonomics) [PSYoungGen: 28672K->0K(58368K)] [ParOldGen: 123741K->152228K(175104K)] 152413K->152228K(233472K), [Metaspace: 9772K->9772K(1058816K)], 1.4581611 secs] [Times: user=9.83 sys=0.05, real=1.46 secs] 
2018-02-24T15:28:18.635+0300: 354.894: [Full GC (Ergonomics) [PSYoungGen: 29696K->0K(58368K)] [ParOldGen: 152228K->112214K(175104K)] 181924K->112214K(233472K), [Metaspace: 9777K->9777K(1058816K)], 0.5512147 secs] [Times: user=2.55 sys=0.00, real=0.55 secs] 
2018-02-24T15:28:19.192+0300: 355.451: [GC (Allocation Failure) [PSYoungGen: 29696K->28672K(58368K)] 141910K->141734K(233472K), 0.1323769 secs] [Times: user=0.94 sys=0.03, real=0.13 secs] 
2018-02-24T15:28:19.324+0300: 355.583: [Full GC (Ergonomics) [PSYoungGen: 28672K->0K(58368K)] [ParOldGen: 113062K->141658K(175104K)] 141734K->141658K(233472K), [Metaspace: 9777K->9777K(1058816K)], 0.9037549 secs] [Times: user=3.63 sys=0.03, real=0.90 secs] 
2018-02-24T15:28:20.233+0300: 356.492: [GC (Allocation Failure) [PSYoungGen: 29696K->28672K(58368K)] 171354K->171370K(233472K), 0.1412018 secs] [Times: user=1.11 sys=0.00, real=0.14 secs] 
2018-02-24T15:28:20.375+0300: 356.634: [Full GC (Ergonomics) [PSYoungGen: 28672K->0K(58368K)] [ParOldGen: 142698K->171196K(175104K)] 171370K->171196K(233472K), [Metaspace: 9782K->9782K(1058816K)], 0.9411409 secs] [Times: user=6.36 sys=0.08, real=0.94 secs] 
2018-02-24T15:28:31.320+0300: 367.579: [Full GC (Ergonomics) [PSYoungGen: 24074K->0K(58368K)] [ParOldGen: 171196K->107725K(175104K)] 195270K->107725K(233472K), [Metaspace: 9788K->9645K(1058816K)], 0.7379783 secs] [Times: user=3.41 sys=0.03, real=0.74 secs] 
2018-02-24T15:28:32.061+0300: 368.320: [GC (Allocation Failure) [PSYoungGen: 29696K->28645K(58368K)] 137421K->137283K(233472K), 0.0270887 secs] [Times: user=0.13 sys=0.02, real=0.03 secs] 
2018-02-24T15:28:32.094+0300: 368.353: [GC (Allocation Failure) [PSYoungGen: 58341K->28672K(58368K)] 166979K->166931K(233472K), 0.0520061 secs] [Times: user=0.34 sys=0.02, real=0.05 secs] 
2018-02-24T15:28:32.146+0300: 368.405: [Full GC (Ergonomics) [PSYoungGen: 28672K->0K(58368K)] [ParOldGen: 138259K->166837K(175104K)] 166931K->166837K(233472K), [Metaspace: 9648K->9648K(1058816K)], 0.8892433 secs] [Times: user=3.70 sys=0.02, real=0.89 secs] 
2018-02-24T15:28:33.040+0300: 369.299: [Full GC (Ergonomics) [PSYoungGen: 29696K->21454K(58368K)] [ParOldGen: 166837K->174968K(175104K)] 196533K->196423K(233472K), [Metaspace: 9648K->9648K(1058816K)], 0.8641253 secs] [Times: user=3.81 sys=0.05, real=0.87 secs] 
2018-02-24T15:28:33.906+0300: 370.165: [Full GC (Ergonomics) [PSYoungGen: 29696K->29657K(58368K)] [ParOldGen: 174968K->174954K(175104K)] 204664K->204612K(233472K), [Metaspace: 9648K->9637K(1058816K)], 0.8141069 secs] [Times: user=4.64 sys=0.01, real=0.81 secs] 
2018-02-24T15:28:34.720+0300: 370.979: [Full GC (Ergonomics) [PSYoungGen: 29696K->29694K(58368K)] [ParOldGen: 174954K->174954K(175104K)] 204650K->204649K(233472K), [Metaspace: 9637K->9637K(1058816K)], 0.4749023 secs] [Times: user=3.39 sys=0.02, real=0.47 secs] 
2018-02-24T15:28:35.195+0300: 371.454: [Full GC (Ergonomics) [PSYoungGen: 29696K->29695K(58368K)] [ParOldGen: 174954K->174954K(175104K)] 204650K->204650K(233472K), [Metaspace: 9637K->9637K(1058816K)], 0.4816145 secs] [Times: user=3.38 sys=0.03, real=0.48 secs] 
2018-02-24T15:28:35.677+0300: 371.936: [Full GC (Ergonomics) [PSYoungGen: 29696K->29696K(58368K)] [ParOldGen: 174954K->174954K(175104K)] 204650K->204650K(233472K), [Metaspace: 9637K->9637K(1058816K)], 0.4651194 secs] [Times: user=3.19 sys=0.03, real=0.46 secs] 
2018-02-24T15:28:36.142+0300: 372.401: [Full GC (Ergonomics) [PSYoungGen: 29696K->29696K(58368K)] [ParOldGen: 174957K->174957K(175104K)] 204653K->204653K(233472K), [Metaspace: 9637K->9637K(1058816K)], 0.4775869 secs] [Times: user=3.14 sys=0.01, real=0.48 secs] 
2018-02-24T15:28:36.620+0300: 372.879: [Full GC (Ergonomics) [PSYoungGen: 29696K->29696K(58368K)] [ParOldGen: 174958K->174958K(175104K)] 204654K->204654K(233472K), [Metaspace: 9637K->9637K(1058816K)], 0.4630756 secs] [Times: user=3.09 sys=0.05, real=0.46 secs] 
2018-02-24T15:28:37.083+0300: 373.342: [Full GC (Ergonomics) [PSYoungGen: 29696K->29696K(58368K)] [ParOldGen: 174959K->174959K(175104K)] 204655K->204655K(233472K), [Metaspace: 9637K->9637K(1058816K)], 0.4680593 secs] [Times: user=3.23 sys=0.02, real=0.47 secs] 
2018-02-24T15:28:37.552+0300: 373.811: [Full GC (Ergonomics) [PSYoungGen: 29696K->29696K(58368K)] [ParOldGen: 174961K->174961K(175104K)] 204657K->204657K(233472K), [Metaspace: 9637K->9637K(1058816K)], 0.4691193 secs] [Times: user=3.20 sys=0.05, real=0.47 secs] 
2018-02-24T15:28:38.021+0300: 374.280: [Full GC (Ergonomics) [PSYoungGen: 29696K->29696K(58368K)] [ParOldGen: 174963K->174963K(175104K)] 204659K->204659K(233472K), [Metaspace: 9637K->9637K(1058816K)], 0.4790797 secs] [Times: user=3.55 sys=0.03, real=0.48 secs] 
2018-02-24T15:28:38.500+0300: 374.759: [Full GC (Ergonomics) [PSYoungGen: 29696K->29696K(58368K)] [ParOldGen: 174964K->174964K(175104K)] 204660K->204660K(233472K), [Metaspace: 9637K->9637K(1058816K)], 0.4700857 secs] [Times: user=3.02 sys=0.05, real=0.47 secs] 
2018-02-24T15:28:38.971+0300: 375.230: [Full GC (Ergonomics) [PSYoungGen: 29696K->29696K(58368K)] [ParOldGen: 174966K->174965K(175104K)] 204662K->204661K(233472K), [Metaspace: 9637K->9637K(1058816K)], 0.4765846 secs] [Times: user=3.34 sys=0.05, real=0.48 secs] 
2018-02-24T15:28:39.447+0300: 375.706: [Full GC (Ergonomics) [PSYoungGen: 29696K->29696K(58368K)] [ParOldGen: 174967K->174967K(175104K)] 204663K->204663K(233472K), [Metaspace: 9637K->9637K(1058816K)], 0.4710622 secs] [Times: user=3.11 sys=0.00, real=0.47 secs] 
2018-02-24T15:28:39.919+0300: 376.178: [Full GC (Ergonomics) [PSYoungGen: 29696K->29696K(58368K)] [ParOldGen: 174968K->174968K(175104K)] 204664K->204664K(233472K), [Metaspace: 9637K->9637K(1058816K)], 0.4679926 secs] [Times: user=3.38 sys=0.05, real=0.47 secs] 
2018-02-24T15:28:40.387+0300: 376.646: [Full GC (Ergonomics) [PSYoungGen: 29696K->29696K(58368K)] [ParOldGen: 174969K->174969K(175104K)] 204665K->204665K(233472K), [Metaspace: 9637K->9637K(1058816K)], 0.4691208 secs] [Times: user=3.27 sys=0.02, real=0.47 secs] 
2018-02-24T15:28:40.856+0300: 377.115: [Full GC (Ergonomics) [PSYoungGen: 29696K->29696K(58368K)] [ParOldGen: 174970K->174970K(175104K)] 204666K->204666K(233472K), [Metaspace: 9637K->9637K(1058816K)], 0.4721568 secs] [Times: user=3.11 sys=0.02, real=0.47 secs] 
2018-02-24T15:28:41.328+0300: 377.587: [Full GC (Ergonomics) [PSYoungGen: 29696K->29696K(58368K)] [ParOldGen: 174971K->174971K(175104K)] 204667K->204667K(233472K), [Metaspace: 9637K->9637K(1058816K)], 0.4870188 secs] [Times: user=3.27 sys=0.03, real=0.49 secs] 
2018-02-24T15:28:41.816+0300: 378.075: [Full GC (Ergonomics) [PSYoungGen: 29696K->29696K(58368K)] [ParOldGen: 174972K->174972K(175104K)] 204668K->204668K(233472K), [Metaspace: 9637K->9637K(1058816K)], 0.4736895 secs] [Times: user=3.08 sys=0.02, real=0.47 secs] 
2018-02-24T15:28:42.290+0300: 378.548: [Full GC (Ergonomics) [PSYoungGen: 29696K->29696K(58368K)] [ParOldGen: 174973K->174973K(175104K)] 204669K->204669K(233472K), [Metaspace: 9637K->9637K(1058816K)], 0.4830952 secs] [Times: user=3.59 sys=0.05, real=0.48 secs] 
2018-02-24T15:28:42.773+0300: 379.032: [Full GC (Ergonomics) [PSYoungGen: 29696K->29696K(58368K)] [ParOldGen: 174974K->174974K(175104K)] 204670K->204670K(233472K), [Metaspace: 9637K->9637K(1058816K)], 0.4860744 secs] [Times: user=3.33 sys=0.03, real=0.49 secs] 
2018-02-24T15:28:43.259+0300: 379.518: [Full GC (Ergonomics) [PSYoungGen: 29696K->29696K(58368K)] [ParOldGen: 174975K->174974K(175104K)] 204671K->204670K(233472K), [Metaspace: 9637K->9637K(1058816K)], 0.4690992 secs] [Times: user=3.25 sys=0.02, real=0.47 secs] 
2018-02-24T15:28:43.728+0300: 379.987: [Full GC (Ergonomics) [PSYoungGen: 29696K->29696K(58368K)] [ParOldGen: 174975K->174975K(175104K)] 204671K->204671K(233472K), [Metaspace: 9637K->9637K(1058816K)], 0.4697703 secs] [Times: user=3.34 sys=0.02, real=0.47 secs] 
2018-02-24T15:28:44.199+0300: 380.457: [Full GC (Ergonomics) [PSYoungGen: 29696K->29696K(58368K)] [ParOldGen: 174976K->174976K(175104K)] 204672K->204672K(233472K), [Metaspace: 9637K->9637K(1058816K)], 0.4633678 secs] [Times: user=3.17 sys=0.00, real=0.46 secs] 
2018-02-24T15:28:44.662+0300: 380.921: [Full GC (Ergonomics) [PSYoungGen: 29696K->29696K(58368K)] [ParOldGen: 174977K->174977K(175104K)] 204673K->204673K(233472K), [Metaspace: 9637K->9637K(1058816K)], 0.4723970 secs] [Times: user=3.34 sys=0.02, real=0.47 secs] 
2018-02-24T15:28:45.134+0300: 381.393: [Full GC (Ergonomics) [PSYoungGen: 29696K->29696K(58368K)] [ParOldGen: 174978K->174978K(175104K)] 204674K->204674K(233472K), [Metaspace: 9637K->9637K(1058816K)], 0.4700869 secs] [Times: user=3.23 sys=0.00, real=0.47 secs] 
2018-02-24T15:28:45.605+0300: 381.864: [Full GC (Ergonomics) [PSYoungGen: 29696K->29696K(58368K)] [ParOldGen: 174979K->174979K(175104K)] 204675K->204675K(233472K), [Metaspace: 9637K->9637K(1058816K)], 0.4697094 secs] [Times: user=3.38 sys=0.00, real=0.47 secs] 
2018-02-24T15:28:46.075+0300: 382.334: [Full GC (Ergonomics) [PSYoungGen: 29696K->29696K(58368K)] [ParOldGen: 174980K->174980K(175104K)] 204676K->204676K(233472K), [Metaspace: 9637K->9637K(1058816K)], 0.4725441 secs] [Times: user=3.13 sys=0.00, real=0.47 secs] 
2018-02-24T15:28:46.547+0300: 382.806: [Full GC (Ergonomics) [PSYoungGen: 29696K->29696K(58368K)] [ParOldGen: 174981K->174978K(175104K)] 204677K->204674K(233472K), [Metaspace: 9637K->9637K(1058816K)], 0.4702127 secs] [Times: user=3.25 sys=0.01, real=0.47 secs] 
2018-02-24T15:28:47.018+0300: 383.277: [Full GC (Ergonomics) [PSYoungGen: 29696K->29696K(58368K)] [ParOldGen: 174979K->174979K(175104K)] 204675K->204675K(233472K), [Metaspace: 9637K->9637K(1058816K)], 0.6932865 secs] [Times: user=4.63 sys=0.05, real=0.69 secs] 
2018-02-24T15:28:47.711+0300: 383.970: [Full GC (Ergonomics) [PSYoungGen: 29696K->29696K(58368K)] [ParOldGen: 174980K->174980K(175104K)] 204676K->204676K(233472K), [Metaspace: 9637K->9637K(1058816K)], 0.4708931 secs] [Times: user=3.42 sys=0.03, real=0.47 secs] 
2018-02-24T15:28:48.182+0300: 384.441: [Full GC (Ergonomics) [PSYoungGen: 29696K->29696K(58368K)] [ParOldGen: 174981K->174981K(175104K)] 204677K->204677K(233472K), [Metaspace: 9637K->9637K(1058816K)], 0.4776491 secs] [Times: user=3.34 sys=0.00, real=0.48 secs] 
2018-02-24T15:28:48.660+0300: 384.919: [Full GC (Ergonomics) [PSYoungGen: 29696K->29696K(58368K)] [ParOldGen: 174982K->174982K(175104K)] 204678K->204678K(233472K), [Metaspace: 9637K->9637K(1058816K)], 0.4670164 secs] [Times: user=3.33 sys=0.03, real=0.47 secs] 
2018-02-24T15:28:49.127+0300: 385.386: [Full GC (Ergonomics) [PSYoungGen: 29696K->29696K(58368K)] [ParOldGen: 174983K->174983K(175104K)] 204679K->204679K(233472K), [Metaspace: 9637K->9637K(1058816K)], 0.4655098 secs] [Times: user=3.31 sys=0.01, real=0.47 secs] 
2018-02-24T15:28:49.593+0300: 385.852: [Full GC (Ergonomics) [PSYoungGen: 29696K->29696K(58368K)] [ParOldGen: 174984K->174984K(175104K)] 204680K->204680K(233472K), [Metaspace: 9637K->9637K(1058816K)], 0.4871588 secs] [Times: user=3.28 sys=0.03, real=0.49 secs] 
2018-02-24T15:28:50.080+0300: 386.339: [Full GC (Ergonomics) [PSYoungGen: 29696K->29696K(58368K)] [ParOldGen: 174985K->174985K(175104K)] 204681K->204681K(233472K), [Metaspace: 9637K->9637K(1058816K)], 0.4681485 secs] [Times: user=3.14 sys=0.02, real=0.47 secs] 
2018-02-24T15:28:50.549+0300: 386.808: [Full GC (Ergonomics) [PSYoungGen: 29696K->29696K(58368K)] [ParOldGen: 174986K->174986K(175104K)] 204682K->204682K(233472K), [Metaspace: 9637K->9637K(1058816K)], 0.4835090 secs] [Times: user=3.36 sys=0.03, real=0.48 secs] 
2018-02-24T15:28:51.033+0300: 387.291: [Full GC (Ergonomics) [PSYoungGen: 29696K->29696K(58368K)] [ParOldGen: 174987K->174984K(175104K)] 204683K->204680K(233472K), [Metaspace: 9637K->9637K(1058816K)], 0.4700754 secs] [Times: user=3.23 sys=0.00, real=0.47 secs] 
2018-02-24T15:28:51.503+0300: 387.762: [Full GC (Ergonomics) [PSYoungGen: 29696K->29696K(58368K)] [ParOldGen: 174985K->174985K(175104K)] 204681K->204681K(233472K), [Metaspace: 9637K->9637K(1058816K)], 0.6948369 secs] [Times: user=4.41 sys=0.03, real=0.69 secs] 
2018-02-24T15:28:52.198+0300: 388.457: [Full GC (Ergonomics) [PSYoungGen: 29696K->29696K(58368K)] [ParOldGen: 174986K->174986K(175104K)] 204682K->204682K(233472K), [Metaspace: 9637K->9637K(1058816K)], 0.4694553 secs] [Times: user=3.22 sys=0.01, real=0.47 secs] 
2018-02-24T15:28:52.667+0300: 388.926: [Full GC (Ergonomics) [PSYoungGen: 29696K->29696K(58368K)] [ParOldGen: 174987K->174987K(175104K)] 204683K->204683K(233472K), [Metaspace: 9637K->9637K(1058816K)], 0.4771077 secs] [Times: user=3.39 sys=0.00, real=0.48 secs] 
2018-02-24T15:28:53.145+0300: 389.404: [Full GC (Ergonomics) [PSYoungGen: 29696K->29696K(58368K)] [ParOldGen: 174988K->174988K(175104K)] 204684K->204684K(233472K), [Metaspace: 9637K->9637K(1058816K)], 0.4769888 secs] [Times: user=3.42 sys=0.03, real=0.48 secs] 
2018-02-24T15:28:53.622+0300: 389.881: [Full GC (Ergonomics) [PSYoungGen: 29696K->29696K(58368K)] [ParOldGen: 174989K->174922K(175104K)] 204685K->204618K(233472K), [Metaspace: 9637K->9503K(1058816K)], 0.7461622 secs] [Times: user=4.80 sys=0.00, real=0.75 secs] 
2018-02-24T15:28:54.370+0300: 390.629: [Full GC (Ergonomics) [PSYoungGen: 29696K->29696K(58368K)] [ParOldGen: 174923K->174923K(175104K)] 204619K->204619K(233472K), [Metaspace: 9503K->9503K(1058816K)], 0.4772065 secs] [Times: user=3.16 sys=0.06, real=0.48 secs] 
2018-02-24T15:28:54.848+0300: 391.107: [Full GC (Ergonomics) [PSYoungGen: 29696K->29696K(58368K)] [ParOldGen: 174924K->174924K(175104K)] 204620K->204620K(233472K), [Metaspace: 9503K->9503K(1058816K)], 0.4636044 secs] [Times: user=3.23 sys=0.03, real=0.46 secs] 
2018-02-24T15:28:55.311+0300: 391.570: [Full GC (Ergonomics) [PSYoungGen: 29696K->29696K(58368K)] [ParOldGen: 174925K->174925K(175104K)] 204621K->204621K(233472K), [Metaspace: 9503K->9503K(1058816K)], 0.4825634 secs] [Times: user=3.50 sys=0.02, real=0.48 secs] 
2018-02-24T15:28:55.794+0300: 392.053: [Full GC (Ergonomics) [PSYoungGen: 29696K->29696K(58368K)] [ParOldGen: 174926K->174926K(175104K)] 204622K->204622K(233472K), [Metaspace: 9503K->9503K(1058816K)], 0.4833405 secs] [Times: user=3.55 sys=0.06, real=0.48 secs] 
2018-02-24T15:28:56.278+0300: 392.537: [Full GC (Ergonomics) [PSYoungGen: 29696K->29696K(58368K)] [ParOldGen: 174927K->174927K(175104K)] 204623K->204623K(233472K), [Metaspace: 9503K->9503K(1058816K)], 0.4764476 secs] [Times: user=3.24 sys=0.05, real=0.48 secs] 
2018-02-24T15:28:56.755+0300: 393.013: [Full GC (Ergonomics) [PSYoungGen: 29696K->29696K(58368K)] [ParOldGen: 174931K->174929K(175104K)] 204627K->204625K(233472K), [Metaspace: 9504K->9504K(1058816K)], 0.4666374 secs] [Times: user=3.28 sys=0.00, real=0.47 secs] 
2018-02-24T15:28:57.221+0300: 393.480: [Full GC (Ergonomics) [PSYoungGen: 29696K->29696K(58368K)] [ParOldGen: 174932K->174932K(175104K)] 204628K->204628K(233472K), [Metaspace: 9505K->9505K(1058816K)], 0.7077999 secs] [Times: user=4.39 sys=0.02, real=0.71 secs] 
2018-02-24T15:28:57.929+0300: 394.188: [Full GC (Ergonomics) [PSYoungGen: 29696K->29696K(58368K)] [ParOldGen: 174934K->174934K(175104K)] 204630K->204630K(233472K), [Metaspace: 9505K->9505K(1058816K)], 0.7001424 secs] [Times: user=4.34 sys=0.01, real=0.70 secs] 
2018-02-24T15:28:58.630+0300: 394.889: [Full GC (Ergonomics) [PSYoungGen: 29696K->29696K(58368K)] [ParOldGen: 174936K->174935K(175104K)] 204632K->204631K(233472K), [Metaspace: 9505K->9505K(1058816K)], 0.7130781 secs] [Times: user=4.67 sys=0.05, real=0.71 secs] 
2018-02-24T15:28:59.343+0300: 395.602: [Full GC (Ergonomics) [PSYoungGen: 29696K->29696K(58368K)] [ParOldGen: 174938K->174938K(175104K)] 204634K->204634K(233472K), [Metaspace: 9505K->9505K(1058816K)], 0.7053489 secs] [Times: user=4.52 sys=0.05, real=0.71 secs] 
2018-02-24T15:29:00.049+0300: 396.308: [Full GC (Ergonomics) [PSYoungGen: 29696K->29696K(58368K)] [ParOldGen: 174941K->174931K(175104K)] 204637K->204627K(233472K), [Metaspace: 9505K->9505K(1058816K)], 0.7061837 secs] [Times: user=4.34 sys=0.03, real=0.71 secs] 
2018-02-24T15:29:00.755+0300: 397.014: [Full GC (Ergonomics) [PSYoungGen: 29696K->29696K(58368K)] [ParOldGen: 174941K->174933K(175104K)] 204637K->204629K(233472K), [Metaspace: 9514K->9514K(1058816K)], 0.4691415 secs] [Times: user=3.22 sys=0.03, real=0.47 secs] 
2018-02-24T15:29:01.225+0300: 397.483: [Full GC (Ergonomics) [PSYoungGen: 29696K->29696K(58368K)] [ParOldGen: 174935K->174935K(175104K)] 204631K->204631K(233472K), [Metaspace: 9516K->9516K(1058816K)], 0.4815895 secs] [Times: user=3.47 sys=0.02, real=0.48 secs] 
2018-02-24T15:29:01.706+0300: 397.965: [Full GC (Ergonomics) [PSYoungGen: 29696K->29696K(58368K)] [ParOldGen: 174937K->174936K(175104K)] 204633K->204632K(233472K), [Metaspace: 9516K->9516K(1058816K)], 0.4784539 secs] [Times: user=3.38 sys=0.06, real=0.48 secs] 
2018-02-24T15:29:02.185+0300: 398.444: [Full GC (Ergonomics) [PSYoungGen: 29696K->29696K(58368K)] [ParOldGen: 174939K->174938K(175104K)] 204635K->204634K(233472K), [Metaspace: 9516K->9516K(1058816K)], 0.7289504 secs] [Times: user=4.55 sys=0.03, real=0.73 secs] 
2018-02-24T15:29:02.915+0300: 399.173: [Full GC (Ergonomics) [PSYoungGen: 29696K->29696K(58368K)] [ParOldGen: 174949K->174937K(175104K)] 204645K->204633K(233472K), [Metaspace: 9527K->9527K(1058816K)], 0.7147033 secs] [Times: user=4.81 sys=0.03, real=0.71 secs] 
2018-02-24T15:29:03.629+0300: 399.888: [Full GC (Ergonomics) [PSYoungGen: 29696K->29696K(58368K)] [ParOldGen: 174940K->174939K(175104K)] 204636K->204635K(233472K), [Metaspace: 9530K->9530K(1058816K)], 0.7007610 secs] [Times: user=4.53 sys=0.02, real=0.70 secs] 
2018-02-24T15:29:04.331+0300: 400.589: [Full GC (Ergonomics) [PSYoungGen: 29696K->29696K(58368K)] [ParOldGen: 174941K->174940K(175104K)] 204637K->204636K(233472K), [Metaspace: 9530K->9530K(1058816K)], 0.7016910 secs] [Times: user=4.63 sys=0.02, real=0.70 secs] 
2018-02-24T15:29:05.032+0300: 401.291: [Full GC (Ergonomics) [PSYoungGen: 29696K->29696K(58368K)] [ParOldGen: 174944K->174942K(175104K)] 204640K->204638K(233472K), [Metaspace: 9533K->9533K(1058816K)], 0.4913412 secs] [Times: user=3.48 sys=0.01, real=0.49 secs] 
2018-02-24T15:29:05.524+0300: 401.783: [Full GC (Ergonomics) [PSYoungGen: 29696K->29696K(58368K)] [ParOldGen: 174946K->174942K(175104K)] 204642K->204638K(233472K), [Metaspace: 9534K->9534K(1058816K)], 0.4697403 secs] [Times: user=3.27 sys=0.02, real=0.47 secs] 
2018-02-24T15:29:05.994+0300: 402.253: [Full GC (Ergonomics) [PSYoungGen: 29696K->29696K(58368K)] [ParOldGen: 174947K->174941K(175104K)] 204643K->204637K(233472K), [Metaspace: 9537K->9537K(1058816K)], 0.7065597 secs] [Times: user=4.53 sys=0.03, real=0.71 secs] 
2018-02-24T15:29:06.701+0300: 402.959: [Full GC (Ergonomics) [PSYoungGen: 29696K->29695K(58368K)] [ParOldGen: 174944K->174942K(175104K)] 204640K->204637K(233472K), [Metaspace: 9537K->9537K(1058816K)], 0.4738702 secs] [Times: user=3.44 sys=0.02, real=0.47 secs] 
2018-02-24T15:29:07.175+0300: 403.434: [Full GC (Ergonomics) [PSYoungGen: 29696K->29695K(58368K)] [ParOldGen: 174942K->174942K(175104K)] 204638K->204638K(233472K), [Metaspace: 9537K->9537K(1058816K)], 0.4979738 secs] [Times: user=3.41 sys=0.03, real=0.50 secs] 
2018-02-24T15:29:07.673+0300: 403.932: [Full GC (Ergonomics) [PSYoungGen: 29696K->29695K(58368K)] [ParOldGen: 174945K->174944K(175104K)] 204641K->204640K(233472K), [Metaspace: 9538K->9538K(1058816K)], 0.4805839 secs] [Times: user=3.16 sys=0.05, real=0.48 secs] 
2018-02-24T15:29:08.153+0300: 404.413: [Full GC (Ergonomics) [PSYoungGen: 29696K->29695K(58368K)] [ParOldGen: 174944K->174944K(175104K)] 204640K->204640K(233472K), [Metaspace: 9539K->9539K(1058816K)], 0.7190362 secs] [Times: user=4.51 sys=0.03, real=0.72 secs] 
2018-02-24T15:29:08.873+0300: 405.132: [Full GC (Ergonomics) [PSYoungGen: 29696K->29695K(58368K)] [ParOldGen: 174944K->174944K(175104K)] 204640K->204640K(233472K), [Metaspace: 9539K->9539K(1058816K)], 0.4761053 secs] [Times: user=3.28 sys=0.00, real=0.48 secs] 
2018-02-24T15:29:09.349+0300: 405.608: [Full GC (Ergonomics) [PSYoungGen: 29696K->29695K(58368K)] [ParOldGen: 174950K->174944K(175104K)] 204646K->204639K(233472K), [Metaspace: 9542K->9542K(1058816K)], 0.4782794 secs] [Times: user=3.52 sys=0.00, real=0.48 secs] 
2018-02-24T15:29:09.828+0300: 406.087: [Full GC (Ergonomics) [PSYoungGen: 29696K->29695K(58368K)] [ParOldGen: 174944K->174942K(175104K)] 204640K->204637K(233472K), [Metaspace: 9542K->9542K(1058816K)], 0.4891050 secs] [Times: user=3.33 sys=0.05, real=0.49 secs] 
2018-02-24T15:29:10.317+0300: 406.576: [Full GC (Ergonomics) [PSYoungGen: 29696K->29695K(58368K)] [ParOldGen: 174942K->174942K(175104K)] 204638K->204637K(233472K), [Metaspace: 9542K->9542K(1058816K)], 0.4755870 secs] [Times: user=3.38 sys=0.02, real=0.48 secs] 
2018-02-24T15:29:10.793+0300: 407.052: [Full GC (Ergonomics) [PSYoungGen: 29696K->29695K(58368K)] [ParOldGen: 174942K->174942K(175104K)] 204638K->204638K(233472K), [Metaspace: 9542K->9542K(1058816K)], 0.4726369 secs] [Times: user=3.30 sys=0.03, real=0.47 secs] 
2018-02-24T15:29:11.268+0300: 407.526: [Full GC (Ergonomics) [PSYoungGen: 29696K->29695K(58368K)] [ParOldGen: 174942K->174942K(175104K)] 204638K->204638K(233472K), [Metaspace: 9542K->9542K(1058816K)], 0.4919538 secs] [Times: user=3.53 sys=0.01, real=0.49 secs] 
2018-02-24T15:29:11.760+0300: 408.019: [Full GC (Ergonomics) [PSYoungGen: 29695K->29695K(58368K)] [ParOldGen: 174962K->174954K(175104K)] 204658K->204650K(233472K), [Metaspace: 9545K->9545K(1058816K)], 0.7155720 secs] [Times: user=4.72 sys=0.03, real=0.71 secs] 
2018-02-24T15:29:12.476+0300: 408.734: [Full GC (Ergonomics) [PSYoungGen: 29696K->29695K(58368K)] [ParOldGen: 174954K->174954K(175104K)] 204650K->204650K(233472K), [Metaspace: 9548K->9548K(1058816K)], 0.4812301 secs] [Times: user=3.63 sys=0.02, real=0.48 secs] 
2018-02-24T15:29:12.957+0300: 409.216: [Full GC (Ergonomics) [PSYoungGen: 29695K->29695K(58368K)] [ParOldGen: 174954K->174937K(175104K)] 204650K->204633K(233472K), [Metaspace: 9548K->9548K(1058816K)], 0.7273020 secs] [Times: user=4.81 sys=0.00, real=0.73 secs] 
2018-02-24T15:29:13.684+0300: 409.943: [Full GC (Ergonomics) [PSYoungGen: 29695K->29695K(58368K)] [ParOldGen: 174939K->174938K(175104K)] 204635K->204634K(233472K), [Metaspace: 9549K->9549K(1058816K)], 0.4790043 secs] [Times: user=3.17 sys=0.00, real=0.48 secs] 
2018-02-24T15:29:14.164+0300: 410.423: [Full GC (Ergonomics) [PSYoungGen: 29695K->29695K(58368K)] [ParOldGen: 174938K->174938K(175104K)] 204634K->204634K(233472K), [Metaspace: 9549K->9549K(1058816K)], 0.4991023 secs] [Times: user=3.53 sys=0.03, real=0.50 secs] 
2018-02-24T15:29:14.663+0300: 410.922: [Full GC (Ergonomics) [PSYoungGen: 29696K->29695K(58368K)] [ParOldGen: 174941K->174917K(175104K)] 204637K->204613K(233472K), [Metaspace: 9549K->9549K(1058816K)], 0.7029889 secs] [Times: user=4.73 sys=0.02, real=0.70 secs] 
2018-02-24T15:29:15.366+0300: 411.625: [Full GC (Ergonomics) [PSYoungGen: 29696K->29695K(58368K)] [ParOldGen: 174917K->174917K(175104K)] 204613K->204613K(233472K), [Metaspace: 9549K->9549K(1058816K)], 0.4945207 secs] [Times: user=3.58 sys=0.05, real=0.50 secs] 
2018-02-24T15:29:15.861+0300: 412.120: [Full GC (Ergonomics) [PSYoungGen: 29695K->29695K(58368K)] [ParOldGen: 174917K->174917K(175104K)] 204613K->204613K(233472K), [Metaspace: 9549K->9549K(1058816K)], 0.4810802 secs] [Times: user=3.30 sys=0.06, real=0.48 secs] 
2018-02-24T15:29:16.342+0300: 412.601: [Full GC (Ergonomics) [PSYoungGen: 29695K->29695K(58368K)] [ParOldGen: 174935K->174934K(175104K)] 204631K->204630K(233472K), [Metaspace: 9549K->9549K(1058816K)], 0.6990716 secs] [Times: user=4.55 sys=0.02, real=0.70 secs] 
2018-02-24T15:29:17.042+0300: 413.301: [Full GC (Ergonomics) [PSYoungGen: 29695K->29695K(58368K)] [ParOldGen: 174934K->174934K(175104K)] 204630K->204630K(233472K), [Metaspace: 9549K->9549K(1058816K)], 0.4832087 secs] [Times: user=3.19 sys=0.06, real=0.48 secs] 
2018-02-24T15:29:17.525+0300: 413.784: [Full GC (Ergonomics) [PSYoungGen: 29695K->29695K(58368K)] [ParOldGen: 174934K->174917K(175104K)] 204630K->204613K(233472K), [Metaspace: 9549K->9549K(1058816K)], 0.7220629 secs] [Times: user=4.63 sys=0.03, real=0.72 secs] 
2018-02-24T15:29:18.247+0300: 414.506: [Full GC (Ergonomics) [PSYoungGen: 29695K->29695K(58368K)] [ParOldGen: 174919K->174919K(175104K)] 204615K->204615K(233472K), [Metaspace: 9549K->9549K(1058816K)], 0.6978089 secs] [Times: user=4.31 sys=0.05, real=0.70 secs] 
2018-02-24T15:29:18.945+0300: 415.204: [Full GC (Ergonomics) [PSYoungGen: 29696K->29696K(58368K)] [ParOldGen: 174919K->174919K(175104K)] 204615K->204615K(233472K), [Metaspace: 9549K->9549K(1058816K)], 0.6933621 secs] [Times: user=4.73 sys=0.02, real=0.69 secs] 
2018-02-24T15:29:19.639+0300: 415.898: [Full GC (Ergonomics) [PSYoungGen: 29696K->29695K(58368K)] [ParOldGen: 174921K->174921K(175104K)] 204617K->204617K(233472K), [Metaspace: 9549K->9549K(1058816K)], 0.4781677 secs] [Times: user=3.30 sys=0.02, real=0.48 secs] 
2018-02-24T15:29:20.118+0300: 416.377: [Full GC (Ergonomics) [PSYoungGen: 29696K->29695K(58368K)] [ParOldGen: 174923K->174904K(175104K)] 204619K->204600K(233472K), [Metaspace: 9549K->9549K(1058816K)], 0.4943490 secs] [Times: user=3.39 sys=0.03, real=0.49 secs] 
2018-02-24T15:29:20.613+0300: 416.871: [Full GC (Ergonomics) [PSYoungGen: 29696K->29695K(58368K)] [ParOldGen: 174922K->174920K(175104K)] 204618K->204616K(233472K), [Metaspace: 9549K->9549K(1058816K)], 0.4748285 secs] [Times: user=3.19 sys=0.05, real=0.48 secs] 
2018-02-24T15:29:21.088+0300: 417.346: [Full GC (Ergonomics) [PSYoungGen: 29695K->29695K(58368K)] [ParOldGen: 174920K->174920K(175104K)] 204616K->204616K(233472K), [Metaspace: 9549K->9549K(1058816K)], 0.4916049 secs] [Times: user=3.53 sys=0.00, real=0.49 secs] 
2018-02-24T15:29:21.579+0300: 417.838: [Full GC (Ergonomics) [PSYoungGen: 29695K->29695K(58368K)] [ParOldGen: 174920K->174920K(175104K)] 204616K->204616K(233472K), [Metaspace: 9549K->9549K(1058816K)], 0.4781140 secs] [Times: user=3.25 sys=0.01, real=0.48 secs] 
2018-02-24T15:29:22.058+0300: 418.317: [Full GC (Ergonomics) [PSYoungGen: 29695K->29695K(58368K)] [ParOldGen: 174922K->174921K(175104K)] 204618K->204617K(233472K), [Metaspace: 9549K->9549K(1058816K)], 0.4910376 secs] [Times: user=3.41 sys=0.02, real=0.49 secs] 
2018-02-24T15:29:22.549+0300: 418.808: [Full GC (Ergonomics) [PSYoungGen: 29695K->29695K(58368K)] [ParOldGen: 174924K->174907K(175104K)] 204620K->204603K(233472K), [Metaspace: 9549K->9549K(1058816K)], 0.4770215 secs] [Times: user=3.16 sys=0.03, real=0.48 secs] 
2018-02-24T15:29:23.026+0300: 419.285: [Full GC (Ergonomics) [PSYoungGen: 29695K->29695K(58368K)] [ParOldGen: 174909K->174907K(175104K)] 204605K->204603K(233472K), [Metaspace: 9550K->9550K(1058816K)], 0.4939592 secs] [Times: user=3.47 sys=0.02, real=0.49 secs] 
2018-02-24T15:29:23.521+0300: 419.779: [Full GC (Ergonomics) [PSYoungGen: 29696K->29695K(58368K)] [ParOldGen: 174907K->174907K(175104K)] 204603K->204603K(233472K), [Metaspace: 9550K->9550K(1058816K)], 0.4755945 secs] [Times: user=3.23 sys=0.06, real=0.48 secs] 
2018-02-24T15:29:23.996+0300: 420.255: [Full GC (Ergonomics) [PSYoungGen: 29696K->29695K(58368K)] [ParOldGen: 174931K->174924K(175104K)] 204627K->204620K(233472K), [Metaspace: 9559K->9559K(1058816K)], 0.4801800 secs] [Times: user=3.13 sys=0.02, real=0.48 secs] 
2018-02-24T15:29:24.477+0300: 420.736: [Full GC (Ergonomics) [PSYoungGen: 29695K->29695K(58368K)] [ParOldGen: 174924K->174923K(175104K)] 204620K->204619K(233472K), [Metaspace: 9559K->9559K(1058816K)], 0.4799076 secs] [Times: user=3.36 sys=0.05, real=0.48 secs] 
2018-02-24T15:29:24.957+0300: 421.216: [Full GC (Ergonomics) [PSYoungGen: 29696K->29695K(58368K)] [ParOldGen: 174925K->174924K(175104K)] 204621K->204620K(233472K), [Metaspace: 9559K->9559K(1058816K)], 0.4725766 secs] [Times: user=3.30 sys=0.02, real=0.47 secs] 
2018-02-24T15:29:25.430+0300: 421.689: [Full GC (Ergonomics) [PSYoungGen: 29696K->29696K(58368K)] [ParOldGen: 174924K->174924K(175104K)] 204620K->204620K(233472K), [Metaspace: 9559K->9559K(1058816K)], 0.4876197 secs] [Times: user=3.52 sys=0.01, real=0.49 secs] 
2018-02-24T15:29:25.917+0300: 422.176: [Full GC (Ergonomics) [PSYoungGen: 29696K->29695K(58368K)] [ParOldGen: 174926K->174925K(175104K)] 204622K->204621K(233472K), [Metaspace: 9560K->9560K(1058816K)], 0.4765500 secs] [Times: user=3.31 sys=0.00, real=0.48 secs] 
2018-02-24T15:29:26.394+0300: 422.653: [Full GC (Ergonomics) [PSYoungGen: 29696K->29695K(58368K)] [ParOldGen: 174926K->174910K(175104K)] 204622K->204606K(233472K), [Metaspace: 9560K->9560K(1058816K)], 0.7040345 secs] [Times: user=4.42 sys=0.06, real=0.70 secs] 
2018-02-24T15:29:27.099+0300: 423.357: [Full GC (Ergonomics) [PSYoungGen: 29696K->29696K(58368K)] [ParOldGen: 174910K->174910K(175104K)] 204606K->204606K(233472K), [Metaspace: 9560K->9560K(1058816K)], 0.4657759 secs] [Times: user=3.42 sys=0.02, real=0.46 secs] 
2018-02-24T15:29:27.564+0300: 423.823: [Full GC (Ergonomics) [PSYoungGen: 29696K->29696K(58368K)] [ParOldGen: 174911K->174910K(175104K)] 204607K->204606K(233472K), [Metaspace: 9560K->9560K(1058816K)], 0.4644372 secs] [Times: user=3.34 sys=0.03, real=0.47 secs] 
2018-02-24T15:29:28.029+0300: 424.288: [Full GC (Ergonomics) [PSYoungGen: 29696K->29696K(58368K)] [ParOldGen: 174912K->174910K(175104K)] 204608K->204606K(233472K), [Metaspace: 9560K->9560K(1058816K)], 0.7099187 secs] [Times: user=4.14 sys=0.01, real=0.71 secs] 
2018-02-24T15:29:28.739+0300: 424.998: [Full GC (Ergonomics) [PSYoungGen: 29696K->29696K(58368K)] [ParOldGen: 174912K->174911K(175104K)] 204608K->204607K(233472K), [Metaspace: 9560K->9560K(1058816K)], 0.4683959 secs] [Times: user=3.26 sys=0.03, real=0.47 secs] 
2018-02-24T15:29:29.208+0300: 425.467: [Full GC (Ergonomics) [PSYoungGen: 29696K->29696K(58368K)] [ParOldGen: 174913K->174912K(175104K)] 204609K->204608K(233472K), [Metaspace: 9560K->9560K(1058816K)], 0.7020946 secs] [Times: user=4.42 sys=0.05, real=0.70 secs] 
2018-02-24T15:29:29.910+0300: 426.169: [Full GC (Ergonomics) [PSYoungGen: 29696K->29696K(58368K)] [ParOldGen: 174913K->174913K(175104K)] 204609K->204609K(233472K), [Metaspace: 9560K->9560K(1058816K)], 0.4666035 secs] [Times: user=3.19 sys=0.02, real=0.47 secs] 
2018-02-24T15:29:30.377+0300: 426.636: [Full GC (Ergonomics) [PSYoungGen: 29696K->29696K(58368K)] [ParOldGen: 174914K->174914K(175104K)] 204610K->204610K(233472K), [Metaspace: 9560K->9560K(1058816K)], 0.4735997 secs] [Times: user=3.26 sys=0.08, real=0.47 secs] 
2018-02-24T15:29:30.851+0300: 427.110: [Full GC (Ergonomics) [PSYoungGen: 29696K->29695K(58368K)] [ParOldGen: 174915K->174906K(175104K)] 204611K->204602K(233472K), [Metaspace: 9560K->9560K(1058816K)], 0.4865828 secs] [Times: user=3.38 sys=0.00, real=0.49 secs] 
2018-02-24T15:29:31.338+0300: 427.596: [Full GC (Ergonomics) [PSYoungGen: 29696K->29695K(58368K)] [ParOldGen: 174906K->174906K(175104K)] 204602K->204602K(233472K), [Metaspace: 9560K->9560K(1058816K)], 0.4900749 secs] [Times: user=3.45 sys=0.03, real=0.49 secs] 
2018-02-24T15:29:31.828+0300: 428.087: [Full GC (Ergonomics) [PSYoungGen: 29695K->29695K(58368K)] [ParOldGen: 174906K->174906K(175104K)] 204602K->204602K(233472K), [Metaspace: 9560K->9560K(1058816K)], 0.4932114 secs] [Times: user=3.38 sys=0.03, real=0.49 secs] 
2018-02-24T15:29:32.321+0300: 428.580: [Full GC (Ergonomics) [PSYoungGen: 29695K->29695K(58368K)] [ParOldGen: 174908K->174908K(175104K)] 204604K->204604K(233472K), [Metaspace: 9560K->9560K(1058816K)], 0.4720874 secs] [Times: user=3.19 sys=0.03, real=0.47 secs] 
2018-02-24T15:29:32.793+0300: 429.052: [Full GC (Ergonomics) [PSYoungGen: 29695K->29695K(58368K)] [ParOldGen: 174910K->174910K(175104K)] 204606K->204606K(233472K), [Metaspace: 9560K->9560K(1058816K)], 0.4835727 secs] [Times: user=3.31 sys=0.00, real=0.48 secs] 
2018-02-24T15:29:33.277+0300: 429.536: [Full GC (Ergonomics) [PSYoungGen: 29695K->29695K(58368K)] [ParOldGen: 174912K->174911K(175104K)] 204608K->204607K(233472K), [Metaspace: 9560K->9560K(1058816K)], 0.4795295 secs] [Times: user=3.36 sys=0.03, real=0.48 secs] 
2018-02-24T15:29:33.757+0300: 430.016: [Full GC (Ergonomics) [PSYoungGen: 29695K->29695K(58368K)] [ParOldGen: 174913K->174913K(175104K)] 204609K->204609K(233472K), [Metaspace: 9560K->9560K(1058816K)], 0.4772164 secs] [Times: user=3.48 sys=0.02, real=0.48 secs] 
2018-02-24T15:29:34.234+0300: 430.493: [Full GC (Ergonomics) [PSYoungGen: 29695K->29695K(58368K)] [ParOldGen: 174931K->174929K(175104K)] 204627K->204625K(233472K), [Metaspace: 9560K->9560K(1058816K)], 0.4724556 secs] [Times: user=3.34 sys=0.02, real=0.47 secs] 
2018-02-24T15:29:34.707+0300: 430.966: [Full GC (Ergonomics) [PSYoungGen: 29695K->29695K(58368K)] [ParOldGen: 174931K->174931K(175104K)] 204627K->204627K(233472K), [Metaspace: 9560K->9560K(1058816K)], 0.4790746 secs] [Times: user=3.41 sys=0.00, real=0.48 secs] 
2018-02-24T15:29:35.186+0300: 431.445: [Full GC (Ergonomics) [PSYoungGen: 29695K->29695K(58368K)] [ParOldGen: 174932K->174910K(175104K)] 204628K->204606K(233472K), [Metaspace: 9560K->9560K(1058816K)], 0.4791563 secs] [Times: user=3.14 sys=0.03, real=0.48 secs] 
2018-02-24T15:29:35.666+0300: 431.925: [Full GC (Ergonomics) [PSYoungGen: 29696K->29696K(58368K)] [ParOldGen: 174910K->174910K(175104K)] 204606K->204606K(233472K), [Metaspace: 9560K->9560K(1058816K)], 0.4659389 secs] [Times: user=3.33 sys=0.03, real=0.47 secs] 
2018-02-24T15:29:36.132+0300: 432.391: [Full GC (Ergonomics) [PSYoungGen: 29696K->29695K(58368K)] [ParOldGen: 174912K->174911K(175104K)] 204608K->204607K(233472K), [Metaspace: 9560K->9560K(1058816K)], 0.4895815 secs] [Times: user=3.28 sys=0.01, real=0.49 secs] 
2018-02-24T15:29:36.622+0300: 432.880: [Full GC (Ergonomics) [PSYoungGen: 29696K->29696K(58368K)] [ParOldGen: 174911K->174911K(175104K)] 204607K->204607K(233472K), [Metaspace: 9560K->9560K(1058816K)], 0.4911127 secs] [Times: user=3.41 sys=0.02, real=0.49 secs] 
2018-02-24T15:29:37.113+0300: 433.372: [Full GC (Ergonomics) [PSYoungGen: 29696K->29696K(58368K)] [ParOldGen: 174913K->174911K(175104K)] 204609K->204607K(233472K), [Metaspace: 9560K->9560K(1058816K)], 0.4678644 secs] [Times: user=3.36 sys=0.03, real=0.47 secs] 
2018-02-24T15:29:37.581+0300: 433.840: [Full GC (Ergonomics) [PSYoungGen: 29696K->29696K(58368K)] [ParOldGen: 174914K->174913K(175104K)] 204610K->204609K(233472K), [Metaspace: 9560K->9560K(1058816K)], 0.4751975 secs] [Times: user=3.22 sys=0.00, real=0.47 secs] 
2018-02-24T15:29:38.056+0300: 434.315: [Full GC (Ergonomics) [PSYoungGen: 29696K->29696K(58368K)] [ParOldGen: 174915K->174913K(175104K)] 204611K->204609K(233472K), [Metaspace: 9560K->9560K(1058816K)], 0.4755672 secs] [Times: user=3.31 sys=0.02, real=0.48 secs] 
2018-02-24T15:29:38.532+0300: 434.791: [Full GC (Ergonomics) [PSYoungGen: 29696K->29696K(58368K)] [ParOldGen: 174938K->174930K(175104K)] 204634K->204626K(233472K), [Metaspace: 9564K->9564K(1058816K)], 0.4721087 secs] [Times: user=3.22 sys=0.03, real=0.47 secs] 
2018-02-24T15:29:39.004+0300: 435.263: [Full GC (Ergonomics) [PSYoungGen: 29696K->29696K(58368K)] [ParOldGen: 174931K->174915K(175104K)] 204627K->204611K(233472K), [Metaspace: 9566K->9566K(1058816K)], 0.4976450 secs] [Times: user=3.48 sys=0.02, real=0.50 secs] 
2018-02-24T15:29:39.502+0300: 435.761: [Full GC (Ergonomics) [PSYoungGen: 29696K->29696K(58368K)] [ParOldGen: 174916K->174916K(175104K)] 204612K->204612K(233472K), [Metaspace: 9566K->9566K(1058816K)], 0.4719361 secs] [Times: user=3.36 sys=0.03, real=0.47 secs] 
2018-02-24T15:29:39.974+0300: 436.233: [Full GC (Ergonomics) [PSYoungGen: 29696K->29696K(58368K)] [ParOldGen: 174917K->174917K(175104K)] 204613K->204613K(233472K), [Metaspace: 9566K->9566K(1058816K)], 0.4680353 secs] [Times: user=3.24 sys=0.02, real=0.47 secs] 
2018-02-24T15:29:40.443+0300: 436.702: [Full GC (Ergonomics) [PSYoungGen: 29696K->29695K(58368K)] [ParOldGen: 174918K->174914K(175104K)] 204614K->204610K(233472K), [Metaspace: 9566K->9566K(1058816K)], 0.4788773 secs] [Times: user=3.38 sys=0.03, real=0.48 secs] 
2018-02-24T15:29:40.922+0300: 437.181: [Full GC (Ergonomics) [PSYoungGen: 29696K->29695K(58368K)] [ParOldGen: 174914K->174914K(175104K)] 204610K->204610K(233472K), [Metaspace: 9566K->9566K(1058816K)], 0.4800394 secs] [Times: user=3.23 sys=0.03, real=0.48 secs] 
2018-02-24T15:29:41.402+0300: 437.661: [Full GC (Ergonomics) [PSYoungGen: 29696K->29695K(58368K)] [ParOldGen: 174914K->174914K(175104K)] 204610K->204610K(233472K), [Metaspace: 9566K->9566K(1058816K)], 0.4902001 secs] [Times: user=3.47 sys=0.03, real=0.49 secs] 
2018-02-24T15:29:41.892+0300: 438.151: [Full GC (Ergonomics) [PSYoungGen: 29696K->29696K(58368K)] [ParOldGen: 174915K->174915K(175104K)] 204611K->204611K(233472K), [Metaspace: 9566K->9566K(1058816K)], 0.4750909 secs] [Times: user=3.28 sys=0.02, real=0.48 secs] 
2018-02-24T15:29:42.368+0300: 438.627: [Full GC (Ergonomics) [PSYoungGen: 29696K->29695K(58368K)] [ParOldGen: 174916K->174916K(175104K)] 204612K->204611K(233472K), [Metaspace: 9566K->9566K(1058816K)], 0.4826637 secs] [Times: user=3.38 sys=0.06, real=0.48 secs] 
2018-02-24T15:29:42.850+0300: 439.109: [Full GC (Ergonomics) [PSYoungGen: 29696K->29695K(58368K)] [ParOldGen: 174916K->174916K(175104K)] 204612K->204611K(233472K), [Metaspace: 9566K->9566K(1058816K)], 0.4951096 secs] [Times: user=3.56 sys=0.03, real=0.50 secs] 
2018-02-24T15:29:43.346+0300: 439.605: [Full GC (Ergonomics) [PSYoungGen: 29696K->29696K(58368K)] [ParOldGen: 174917K->174917K(175104K)] 204613K->204613K(233472K), [Metaspace: 9566K->9566K(1058816K)], 0.4800896 secs] [Times: user=3.30 sys=0.01, real=0.48 secs] 
2018-02-24T15:29:43.826+0300: 440.085: [Full GC (Ergonomics) [PSYoungGen: 29696K->29696K(58368K)] [ParOldGen: 174918K->174918K(175104K)] 204614K->204614K(233472K), [Metaspace: 9566K->9566K(1058816K)], 0.4854051 secs] [Times: user=3.41 sys=0.02, real=0.49 secs] 
2018-02-24T15:29:44.312+0300: 440.570: [Full GC (Ergonomics) [PSYoungGen: 29696K->29696K(58368K)] [ParOldGen: 174919K->174919K(175104K)] 204615K->204615K(233472K), [Metaspace: 9566K->9566K(1058816K)], 0.4795494 secs] [Times: user=3.36 sys=0.00, real=0.48 secs] 
2018-02-24T15:29:44.791+0300: 441.050: [Full GC (Ergonomics) [PSYoungGen: 29696K->29696K(58368K)] [ParOldGen: 174922K->174920K(175104K)] 204618K->204616K(233472K), [Metaspace: 9566K->9566K(1058816K)], 0.4860429 secs] [Times: user=3.66 sys=0.02, real=0.49 secs] 
2018-02-24T15:29:45.278+0300: 441.537: [Full GC (Ergonomics) [PSYoungGen: 29696K->29696K(58368K)] [ParOldGen: 174925K->174921K(175104K)] 204621K->204617K(233472K), [Metaspace: 9569K->9569K(1058816K)], 0.4814268 secs] [Times: user=3.55 sys=0.00, real=0.48 secs] 
2018-02-24T15:29:45.759+0300: 442.018: [Full GC (Ergonomics) [PSYoungGen: 29696K->29696K(58368K)] [ParOldGen: 174939K->174938K(175104K)] 204635K->204634K(233472K), [Metaspace: 9570K->9570K(1058816K)], 0.4751816 secs] [Times: user=3.44 sys=0.03, real=0.48 secs] 
2018-02-24T15:29:46.235+0300: 442.494: [Full GC (Ergonomics) [PSYoungGen: 29696K->29696K(58368K)] [ParOldGen: 174939K->174939K(175104K)] 204635K->204635K(233472K), [Metaspace: 9570K->9570K(1058816K)], 0.4732597 secs] [Times: user=3.41 sys=0.02, real=0.47 secs] 
2018-02-24T15:29:46.708+0300: 442.967: [Full GC (Ergonomics) [PSYoungGen: 29696K->29696K(58368K)] [ParOldGen: 174940K->174940K(175104K)] 204636K->204636K(233472K), [Metaspace: 9570K->9570K(1058816K)], 0.4798794 secs] [Times: user=3.39 sys=0.00, real=0.48 secs] 
2018-02-24T15:29:47.188+0300: 443.447: [Full GC (Ergonomics) [PSYoungGen: 29696K->29696K(58368K)] [ParOldGen: 174942K->174941K(175104K)] 204638K->204637K(233472K), [Metaspace: 9570K->9570K(1058816K)], 0.4770038 secs] [Times: user=3.23 sys=0.01, real=0.48 secs] 
2018-02-24T15:29:47.665+0300: 443.925: [Full GC (Ergonomics) [PSYoungGen: 29696K->29696K(58368K)] [ParOldGen: 174944K->174926K(175104K)] 204640K->204622K(233472K), [Metaspace: 9570K->9570K(1058816K)], 0.4994951 secs] [Times: user=3.56 sys=0.05, real=0.50 secs] 
2018-02-24T15:29:48.165+0300: 444.424: [Full GC (Ergonomics) [PSYoungGen: 29696K->29696K(58368K)] [ParOldGen: 174928K->174927K(175104K)] 204624K->204623K(233472K), [Metaspace: 9570K->9570K(1058816K)], 0.4725063 secs] [Times: user=3.33 sys=0.02, real=0.47 secs] 
2018-02-24T15:29:48.638+0300: 444.897: [Full GC (Ergonomics) [PSYoungGen: 29696K->29696K(58368K)] [ParOldGen: 174945K->174944K(175104K)] 204641K->204640K(233472K), [Metaspace: 9570K->9570K(1058816K)], 0.4676554 secs] [Times: user=3.36 sys=0.03, real=0.47 secs] 
2018-02-24T15:29:49.106+0300: 445.365: [Full GC (Ergonomics) [PSYoungGen: 29696K->29696K(58368K)] [ParOldGen: 174945K->174945K(175104K)] 204641K->204641K(233472K), [Metaspace: 9570K->9570K(1058816K)], 0.4954135 secs] [Times: user=3.45 sys=0.00, real=0.50 secs] 
2018-02-24T15:29:49.601+0300: 445.860: [Full GC (Ergonomics) [PSYoungGen: 29696K->29696K(58368K)] [ParOldGen: 174946K->174923K(175104K)] 204642K->204619K(233472K), [Metaspace: 9570K->9570K(1058816K)], 0.5024761 secs] [Times: user=3.41 sys=0.02, real=0.50 secs] 
2018-02-24T15:29:50.104+0300: 446.363: [Full GC (Ergonomics) [PSYoungGen: 29696K->29696K(58368K)] [ParOldGen: 174925K->174924K(175104K)] 204621K->204620K(233472K), [Metaspace: 9570K->9570K(1058816K)], 0.4760431 secs] [Times: user=3.28 sys=0.08, real=0.48 secs] 
2018-02-24T15:29:50.581+0300: 446.839: [Full GC (Ergonomics) [PSYoungGen: 29696K->29696K(58368K)] [ParOldGen: 174926K->174926K(175104K)] 204622K->204622K(233472K), [Metaspace: 9570K->9570K(1058816K)], 0.4795370 secs] [Times: user=3.56 sys=0.02, real=0.48 secs] 
2018-02-24T15:29:51.060+0300: 447.319: [Full GC (Ergonomics) [PSYoungGen: 29696K->29696K(58368K)] [ParOldGen: 174927K->174927K(175104K)] 204623K->204623K(233472K), [Metaspace: 9570K->9570K(1058816K)], 0.4871615 secs] [Times: user=3.41 sys=0.05, real=0.49 secs] 
2018-02-24T15:29:51.548+0300: 447.807: [Full GC (Ergonomics) [PSYoungGen: 29696K->29696K(58368K)] [ParOldGen: 174928K->174928K(175104K)] 204624K->204624K(233472K), [Metaspace: 9570K->9570K(1058816K)], 0.4735844 secs] [Times: user=3.30 sys=0.02, real=0.47 secs] 
2018-02-24T15:29:52.021+0300: 448.280: [Full GC (Ergonomics) [PSYoungGen: 29696K->29696K(58368K)] [ParOldGen: 174931K->174929K(175104K)] 204627K->204625K(233472K), [Metaspace: 9570K->9570K(1058816K)], 0.4880062 secs] [Times: user=3.69 sys=0.03, real=0.49 secs] 
2018-02-24T15:29:52.510+0300: 448.769: [Full GC (Ergonomics) [PSYoungGen: 29696K->29696K(58368K)] [ParOldGen: 174939K->174937K(175104K)] 204635K->204633K(233472K), [Metaspace: 9570K->9570K(1058816K)], 0.4783653 secs] [Times: user=3.28 sys=0.05, real=0.48 secs] 
2018-02-24T15:29:52.988+0300: 449.247: [Full GC (Ergonomics) [PSYoungGen: 29696K->29696K(58368K)] [ParOldGen: 174955K->174954K(175104K)] 204651K->204650K(233472K), [Metaspace: 9570K->9570K(1058816K)], 0.4960351 secs] [Times: user=3.28 sys=0.05, real=0.50 secs] 
2018-02-24T15:29:53.485+0300: 449.743: [Full GC (Ergonomics) [PSYoungGen: 29696K->29696K(58368K)] [ParOldGen: 174955K->174955K(175104K)] 204651K->204651K(233472K), [Metaspace: 9570K->9570K(1058816K)], 0.4723384 secs] [Times: user=3.27 sys=0.03, real=0.47 secs] 
2018-02-24T15:29:53.957+0300: 450.216: [Full GC (Ergonomics) [PSYoungGen: 29696K->29696K(58368K)] [ParOldGen: 174956K->174956K(175104K)] 204652K->204652K(233472K), [Metaspace: 9570K->9570K(1058816K)], 0.4845033 secs] [Times: user=3.48 sys=0.02, real=0.48 secs] 
2018-02-24T15:29:54.442+0300: 450.701: [Full GC (Ergonomics) [PSYoungGen: 29696K->29696K(58368K)] [ParOldGen: 174957K->174953K(175104K)] 204653K->204649K(233472K), [Metaspace: 9570K->9570K(1058816K)], 0.7071750 secs] [Times: user=4.55 sys=0.05, real=0.71 secs] 
2018-02-24T15:29:55.149+0300: 451.408: [Full GC (Ergonomics) [PSYoungGen: 29696K->29696K(58368K)] [ParOldGen: 174954K->174954K(175104K)] 204650K->204650K(233472K), [Metaspace: 9570K->9570K(1058816K)], 0.4876705 secs] [Times: user=3.47 sys=0.03, real=0.49 secs] 
2018-02-24T15:29:55.637+0300: 451.896: [Full GC (Ergonomics) [PSYoungGen: 29696K->29696K(58368K)] [ParOldGen: 174955K->174939K(175104K)] 204651K->204635K(233472K), [Metaspace: 9570K->9570K(1058816K)], 0.4797695 secs] [Times: user=3.09 sys=0.06, real=0.48 secs] 
2018-02-24T15:29:56.117+0300: 452.376: [Full GC (Ergonomics) [PSYoungGen: 29696K->29696K(58368K)] [ParOldGen: 174940K->174940K(175104K)] 204636K->204636K(233472K), [Metaspace: 9570K->9570K(1058816K)], 0.4789941 secs] [Times: user=3.31 sys=0.03, real=0.48 secs] 
2018-02-24T15:29:56.596+0300: 452.855: [Full GC (Ergonomics) [PSYoungGen: 29696K->29696K(58368K)] [ParOldGen: 174941K->174941K(175104K)] 204637K->204637K(233472K), [Metaspace: 9570K->9570K(1058816K)], 0.4775954 secs] [Times: user=3.39 sys=0.01, real=0.48 secs] 
2018-02-24T15:29:57.074+0300: 453.333: [Full GC (Ergonomics) [PSYoungGen: 29696K->29696K(58368K)] [ParOldGen: 174944K->174943K(175104K)] 204640K->204639K(233472K), [Metaspace: 9571K->9571K(1058816K)], 0.4775428 secs] [Times: user=3.08 sys=0.02, real=0.48 secs] 
2018-02-24T15:29:57.552+0300: 453.811: [Full GC (Ergonomics) [PSYoungGen: 29696K->29696K(58368K)] [ParOldGen: 174963K->174959K(175104K)] 204659K->204655K(233472K), [Metaspace: 9575K->9575K(1058816K)], 0.4860204 secs] [Times: user=3.34 sys=0.01, real=0.49 secs] 
2018-02-24T15:29:58.038+0300: 454.297: [Full GC (Ergonomics) [PSYoungGen: 29696K->29696K(58368K)] [ParOldGen: 174960K->174944K(175104K)] 204656K->204640K(233472K), [Metaspace: 9576K->9576K(1058816K)], 0.4786305 secs] [Times: user=3.31 sys=0.00, real=0.48 secs] 
2018-02-24T15:29:58.517+0300: 454.776: [Full GC (Ergonomics) [PSYoungGen: 29696K->29696K(58368K)] [ParOldGen: 174945K->174945K(175104K)] 204641K->204641K(233472K), [Metaspace: 9576K->9576K(1058816K)], 0.4767041 secs] [Times: user=3.24 sys=0.02, real=0.48 secs] 
2018-02-24T15:29:58.994+0300: 455.253: [Full GC (Ergonomics) [PSYoungGen: 29696K->29696K(58368K)] [ParOldGen: 174946K->174946K(175104K)] 204642K->204642K(233472K), [Metaspace: 9576K->9576K(1058816K)], 0.4878428 secs] [Times: user=3.73 sys=0.03, real=0.49 secs] 
2018-02-24T15:29:59.482+0300: 455.741: [Full GC (Ergonomics) [PSYoungGen: 29696K->29696K(58368K)] [ParOldGen: 174947K->174946K(175104K)] 204643K->204642K(233472K), [Metaspace: 9578K->9578K(1058816K)], 0.4756296 secs] [Times: user=3.03 sys=0.02, real=0.48 secs] 
2018-02-24T15:29:59.958+0300: 456.217: [Full GC (Ergonomics) [PSYoungGen: 29696K->29696K(58368K)] [ParOldGen: 174947K->174947K(175104K)] 204643K->204643K(233472K), [Metaspace: 9578K->9578K(1058816K)], 0.7155810 secs] [Times: user=4.66 sys=0.03, real=0.72 secs] 
2018-02-24T15:30:00.674+0300: 456.932: [Full GC (Ergonomics) [PSYoungGen: 29696K->29696K(58368K)] [ParOldGen: 174948K->174948K(175104K)] 204644K->204644K(233472K), [Metaspace: 9578K->9578K(1058816K)], 0.4720000 secs] [Times: user=3.38 sys=0.05, real=0.47 secs] 
2018-02-24T15:30:01.146+0300: 457.405: [Full GC (Ergonomics) [PSYoungGen: 29696K->29696K(58368K)] [ParOldGen: 174949K->174949K(175104K)] 204645K->204645K(233472K), [Metaspace: 9578K->9578K(1058816K)], 0.4802923 secs] [Times: user=3.53 sys=0.03, real=0.48 secs] 
2018-02-24T15:30:01.626+0300: 457.885: [Full GC (Ergonomics) [PSYoungGen: 29696K->29696K(58368K)] [ParOldGen: 174950K->174950K(175104K)] 204646K->204646K(233472K), [Metaspace: 9578K->9578K(1058816K)], 0.4720832 secs] [Times: user=3.09 sys=0.05, real=0.47 secs] 
2018-02-24T15:30:02.098+0300: 458.357: [Full GC (Ergonomics) [PSYoungGen: 29696K->29696K(58368K)] [ParOldGen: 174952K->174951K(175104K)] 204648K->204647K(233472K), [Metaspace: 9578K->9578K(1058816K)], 0.4722685 secs] [Times: user=3.27 sys=0.03, real=0.47 secs] 
2018-02-24T15:30:02.571+0300: 458.830: [Full GC (Ergonomics) [PSYoungGen: 29696K->29696K(58368K)] [ParOldGen: 174954K->174953K(175104K)] 204650K->204649K(233472K), [Metaspace: 9580K->9580K(1058816K)], 0.5035670 secs] [Times: user=3.59 sys=0.03, real=0.50 secs] 
2018-02-24T15:30:03.075+0300: 459.334: [Full GC (Ergonomics) [PSYoungGen: 29696K->29696K(58368K)] [ParOldGen: 174955K->174954K(175104K)] 204651K->204650K(233472K), [Metaspace: 9580K->9580K(1058816K)], 0.4897845 secs] [Times: user=3.34 sys=0.06, real=0.49 secs] 
2018-02-24T15:30:03.565+0300: 459.824: [Full GC (Ergonomics) [PSYoungGen: 29696K->29696K(58368K)] [ParOldGen: 174972K->174971K(175104K)] 204668K->204667K(233472K), [Metaspace: 9580K->9580K(1058816K)], 0.4791473 secs] [Times: user=3.50 sys=0.06, real=0.48 secs] 
2018-02-24T15:30:04.044+0300: 460.303: [Full GC (Ergonomics) [PSYoungGen: 29696K->29696K(58368K)] [ParOldGen: 174975K->174972K(175104K)] 204671K->204668K(233472K), [Metaspace: 9585K->9585K(1058816K)], 0.4792473 secs] [Times: user=3.09 sys=0.02, real=0.48 secs] 
2018-02-24T15:30:04.524+0300: 460.783: [Full GC (Ergonomics) [PSYoungGen: 29696K->29696K(58368K)] [ParOldGen: 174974K->174973K(175104K)] 204670K->204669K(233472K), [Metaspace: 9586K->9586K(1058816K)], 0.4895106 secs] [Times: user=3.58 sys=0.03, real=0.49 secs] 
2018-02-24T15:30:05.013+0300: 461.272: [Full GC (Ergonomics) [PSYoungGen: 29696K->29696K(58368K)] [ParOldGen: 174976K->174958K(175104K)] 204672K->204654K(233472K), [Metaspace: 9586K->9586K(1058816K)], 0.4922577 secs] [Times: user=3.28 sys=0.06, real=0.49 secs] 
2018-02-24T15:30:05.506+0300: 461.765: [Full GC (Ergonomics) [PSYoungGen: 29696K->29696K(58368K)] [ParOldGen: 174976K->174974K(175104K)] 204672K->204670K(233472K), [Metaspace: 9586K->9586K(1058816K)], 0.5414861 secs] [Times: user=3.77 sys=0.02, real=0.54 secs] 
2018-02-24T15:30:06.048+0300: 462.307: [Full GC (Ergonomics) [PSYoungGen: 29696K->29696K(58368K)] [ParOldGen: 174976K->174959K(175104K)] 204672K->204655K(233472K), [Metaspace: 9586K->9586K(1058816K)], 0.5028631 secs] [Times: user=3.50 sys=0.03, real=0.50 secs] 
2018-02-24T15:30:06.551+0300: 462.810: [Full GC (Ergonomics) [PSYoungGen: 29696K->29696K(58368K)] [ParOldGen: 174961K->174960K(175104K)] 204657K->204656K(233472K), [Metaspace: 9586K->9586K(1058816K)], 0.7051549 secs] [Times: user=4.61 sys=0.00, real=0.70 secs] 
2018-02-24T15:30:07.256+0300: 463.515: [Full GC (Ergonomics) [PSYoungGen: 29696K->29696K(58368K)] [ParOldGen: 174962K->174961K(175104K)] 204658K->204657K(233472K), [Metaspace: 9586K->9586K(1058816K)], 0.4764338 secs] [Times: user=3.39 sys=0.02, real=0.48 secs] 
2018-02-24T15:30:07.733+0300: 463.992: [Full GC (Ergonomics) [PSYoungGen: 29696K->29696K(58368K)] [ParOldGen: 174962K->174953K(175104K)] 204658K->204649K(233472K), [Metaspace: 9586K->9586K(1058816K)], 0.4812856 secs] [Times: user=3.33 sys=0.01, real=0.48 secs] 
2018-02-24T15:30:08.215+0300: 464.473: [Full GC (Ergonomics) [PSYoungGen: 29696K->29696K(58368K)] [ParOldGen: 174954K->174954K(175104K)] 204650K->204650K(233472K), [Metaspace: 9586K->9586K(1058816K)], 0.4768086 secs] [Times: user=3.08 sys=0.02, real=0.48 secs] 
2018-02-24T15:30:08.691+0300: 464.950: [Full GC (Ergonomics) [PSYoungGen: 29696K->29696K(58368K)] [ParOldGen: 174955K->174955K(175104K)] 204651K->204651K(233472K), [Metaspace: 9586K->9586K(1058816K)], 0.5427867 secs] [Times: user=3.95 sys=0.03, real=0.54 secs] 
2018-02-24T15:30:09.234+0300: 465.493: [Full GC (Ergonomics) [PSYoungGen: 29696K->29696K(58368K)] [ParOldGen: 174956K->174956K(175104K)] 204652K->204652K(233472K), [Metaspace: 9586K->9586K(1058816K)], 0.7351751 secs] [Times: user=4.84 sys=0.05, real=0.74 secs] 
2018-02-24T15:30:09.970+0300: 466.229: [Full GC (Ergonomics) [PSYoungGen: 29696K->29696K(58368K)] [ParOldGen: 174958K->174957K(175104K)] 204654K->204653K(233472K), [Metaspace: 9586K->9586K(1058816K)], 0.4908614 secs] [Times: user=3.41 sys=0.00, real=0.49 secs] 
2018-02-24T15:30:10.461+0300: 466.720: [Full GC (Ergonomics) [PSYoungGen: 29696K->29696K(58368K)] [ParOldGen: 174960K->174958K(175104K)] 204656K->204654K(233472K), [Metaspace: 9586K->9586K(1058816K)], 0.4839204 secs] [Times: user=3.56 sys=0.02, real=0.48 secs] 
2018-02-24T15:30:10.945+0300: 467.204: [Full GC (Ergonomics) [PSYoungGen: 29696K->29696K(58368K)] [ParOldGen: 174976K->174975K(175104K)] 204672K->204671K(233472K), [Metaspace: 9586K->9586K(1058816K)], 0.4765254 secs] [Times: user=3.47 sys=0.01, real=0.48 secs] 
2018-02-24T15:30:11.422+0300: 467.681: [Full GC (Ergonomics) [PSYoungGen: 29696K->29696K(58368K)] [ParOldGen: 174976K->174976K(175104K)] 204672K->204672K(233472K), [Metaspace: 9586K->9586K(1058816K)], 0.4935658 secs] [Times: user=3.52 sys=0.03, real=0.49 secs] 
2018-02-24T15:30:11.916+0300: 468.175: [Full GC (Ergonomics) [PSYoungGen: 29696K->29696K(58368K)] [ParOldGen: 174977K->174977K(175104K)] 204673K->204673K(233472K), [Metaspace: 9586K->9586K(1058816K)], 0.4915959 secs] [Times: user=3.53 sys=0.02, real=0.49 secs] 
2018-02-24T15:30:12.408+0300: 468.667: [Full GC (Ergonomics) [PSYoungGen: 29696K->29696K(58368K)] [ParOldGen: 174979K->174961K(175104K)] 204675K->204657K(233472K), [Metaspace: 9586K->9586K(1058816K)], 0.5361805 secs] [Times: user=3.88 sys=0.00, real=0.54 secs] 
2018-02-24T15:30:12.944+0300: 469.203: [Full GC (Ergonomics) [PSYoungGen: 29696K->29696K(58368K)] [ParOldGen: 174964K->174963K(175104K)] 204660K->204659K(233472K), [Metaspace: 9586K->9586K(1058816K)], 0.5064450 secs] [Times: user=3.56 sys=0.06, real=0.51 secs] 
2018-02-24T15:30:13.451+0300: 469.710: [Full GC (Ergonomics) [PSYoungGen: 29696K->29696K(58368K)] [ParOldGen: 174981K->174979K(175104K)] 204677K->204675K(233472K), [Metaspace: 9586K->9586K(1058816K)], 0.4934997 secs] [Times: user=3.27 sys=0.00, real=0.49 secs] 
2018-02-24T15:30:13.945+0300: 470.203: [Full GC (Ergonomics) [PSYoungGen: 29696K->29696K(58368K)] [ParOldGen: 174980K->174964K(175104K)] 204676K->204660K(233472K), [Metaspace: 9586K->9586K(1058816K)], 0.4820880 secs] [Times: user=3.39 sys=0.05, real=0.48 secs] 
2018-02-24T15:30:14.427+0300: 470.686: [Full GC (Ergonomics) [PSYoungGen: 29696K->29696K(58368K)] [ParOldGen: 174965K->174965K(175104K)] 204661K->204661K(233472K), [Metaspace: 9586K->9586K(1058816K)], 0.7213253 secs] [Times: user=4.63 sys=0.05, real=0.72 secs] 
2018-02-24T15:30:15.149+0300: 471.408: [Full GC (Ergonomics) [PSYoungGen: 29696K->29696K(58368K)] [ParOldGen: 174968K->174965K(175104K)] 204664K->204661K(233472K), [Metaspace: 9586K->9586K(1058816K)], 0.7282594 secs] [Times: user=4.84 sys=0.03, real=0.73 secs] 
2018-02-24T15:30:15.877+0300: 472.136: [Full GC (Ergonomics) [PSYoungGen: 29696K->29696K(58368K)] [ParOldGen: 174968K->174965K(175104K)] 204664K->204661K(233472K), [Metaspace: 9586K->9586K(1058816K)], 0.7153483 secs] [Times: user=4.77 sys=0.01, real=0.72 secs] 
2018-02-24T15:30:16.593+0300: 472.852: [Full GC (Ergonomics) [PSYoungGen: 29696K->29696K(58368K)] [ParOldGen: 174984K->174982K(175104K)] 204680K->204678K(233472K), [Metaspace: 9586K->9586K(1058816K)], 0.4915547 secs] [Times: user=3.47 sys=0.02, real=0.49 secs] 
2018-02-24T15:30:17.084+0300: 473.343: [Full GC (Ergonomics) [PSYoungGen: 29696K->29696K(58368K)] [ParOldGen: 174984K->174983K(175104K)] 204680K->204679K(233472K), [Metaspace: 9586K->9586K(1058816K)], 0.4765599 secs] [Times: user=3.27 sys=0.03, real=0.48 secs] 
2018-02-24T15:30:17.561+0300: 473.820: [Full GC (Ergonomics) [PSYoungGen: 29696K->29696K(58368K)] [ParOldGen: 174985K->174984K(175104K)] 204681K->204680K(233472K), [Metaspace: 9586K->9586K(1058816K)], 0.4781221 secs] [Times: user=3.19 sys=0.08, real=0.48 secs] 
2018-02-24T15:30:18.040+0300: 474.299: [Full GC (Ergonomics) [PSYoungGen: 29696K->29696K(58368K)] [ParOldGen: 174987K->174968K(175104K)] 204683K->204664K(233472K), [Metaspace: 9586K->9586K(1058816K)], 0.4739294 secs] [Times: user=3.50 sys=0.00, real=0.47 secs] 
2018-02-24T15:30:18.514+0300: 474.773: [Full GC (Ergonomics) [PSYoungGen: 29696K->29696K(58368K)] [ParOldGen: 174971K->174968K(175104K)] 204667K->204664K(233472K), [Metaspace: 9586K->9586K(1058816K)], 0.4804944 secs] [Times: user=3.23 sys=0.08, real=0.48 secs] 
2018-02-24T15:30:18.995+0300: 475.253: [Full GC (Ergonomics) [PSYoungGen: 29696K->29696K(58368K)] [ParOldGen: 174987K->174985K(175104K)] 204683K->204681K(233472K), [Metaspace: 9586K->9586K(1058816K)], 0.4787677 secs] [Times: user=3.17 sys=0.02, real=0.48 secs] 
2018-02-24T15:30:19.474+0300: 475.732: [Full GC (Ergonomics) [PSYoungGen: 29696K->29696K(58368K)] [ParOldGen: 174987K->174968K(175104K)] 204683K->204664K(233472K), [Metaspace: 9586K->9586K(1058816K)], 0.4895713 secs] [Times: user=3.33 sys=0.03, real=0.49 secs] 
2018-02-24T15:30:19.963+0300: 476.222: [Full GC (Ergonomics) [PSYoungGen: 29696K->29696K(58368K)] [ParOldGen: 174970K->174970K(175104K)] 204666K->204666K(233472K), [Metaspace: 9586K->9586K(1058816K)], 0.4750573 secs] [Times: user=3.27 sys=0.02, real=0.48 secs] 
2018-02-24T15:30:20.439+0300: 476.698: [Full GC (Ergonomics) [PSYoungGen: 29696K->29696K(58368K)] [ParOldGen: 174973K->174971K(175104K)] 204669K->204667K(233472K), [Metaspace: 9586K->9586K(1058816K)], 0.5572160 secs] [Times: user=3.86 sys=0.05, real=0.56 secs] 
2018-02-24T15:30:20.996+0300: 477.255: [Full GC (Ergonomics) [PSYoungGen: 29696K->29696K(58368K)] [ParOldGen: 174975K->174972K(175104K)] 204671K->204668K(233472K), [Metaspace: 9587K->9587K(1058816K)], 0.5094578 secs] [Times: user=3.38 sys=0.02, real=0.51 secs] 
2018-02-24T15:30:21.506+0300: 477.765: [Full GC (Ergonomics) [PSYoungGen: 29696K->29696K(58368K)] [ParOldGen: 174991K->174988K(175104K)] 204687K->204684K(233472K), [Metaspace: 9587K->9587K(1058816K)], 0.4733204 secs] [Times: user=3.30 sys=0.03, real=0.47 secs] 
2018-02-24T15:30:21.979+0300: 478.238: [Full GC (Ergonomics) [PSYoungGen: 29696K->29696K(58368K)] [ParOldGen: 174990K->174989K(175104K)] 204686K->204685K(233472K), [Metaspace: 9588K->9588K(1058816K)], 0.4821114 secs] [Times: user=3.36 sys=0.00, real=0.48 secs] 
2018-02-24T15:30:22.462+0300: 478.721: [Full GC (Ergonomics) [PSYoungGen: 29696K->29695K(58368K)] [ParOldGen: 174991K->174989K(175104K)] 204687K->204685K(233472K), [Metaspace: 9588K->9588K(1058816K)], 0.4875765 secs] [Times: user=3.36 sys=0.01, real=0.49 secs] 
2018-02-24T15:30:22.950+0300: 479.209: [Full GC (Ergonomics) [PSYoungGen: 29696K->29695K(58368K)] [ParOldGen: 174989K->174973K(175104K)] 204685K->204669K(233472K), [Metaspace: 9588K->9588K(1058816K)], 0.4925983 secs] [Times: user=3.31 sys=0.02, real=0.49 secs] 
2018-02-24T15:30:23.442+0300: 479.701: [Full GC (Ergonomics) [PSYoungGen: 29696K->29695K(58368K)] [ParOldGen: 174975K->174973K(175104K)] 204671K->204669K(233472K), [Metaspace: 9588K->9588K(1058816K)], 0.5014398 secs] [Times: user=3.48 sys=0.05, real=0.50 secs] 
2018-02-24T15:30:23.944+0300: 480.203: [Full GC (Ergonomics) [PSYoungGen: 29695K->29695K(58368K)] [ParOldGen: 174973K->174973K(175104K)] 204669K->204669K(233472K), [Metaspace: 9588K->9588K(1058816K)], 0.4896040 secs] [Times: user=3.55 sys=0.03, real=0.49 secs] 
2018-02-24T15:30:24.434+0300: 480.693: [Full GC (Ergonomics) [PSYoungGen: 29695K->29695K(58368K)] [ParOldGen: 174975K->174974K(175104K)] 204671K->204670K(233472K), [Metaspace: 9588K->9588K(1058816K)], 0.4947679 secs] [Times: user=3.28 sys=0.00, real=0.49 secs] 
2018-02-24T15:30:24.929+0300: 481.188: [Full GC (Ergonomics) [PSYoungGen: 29695K->29695K(58368K)] [ParOldGen: 174992K->174991K(175104K)] 204688K->204687K(233472K), [Metaspace: 9588K->9588K(1058816K)], 0.4985569 secs] [Times: user=3.51 sys=0.03, real=0.50 secs] 
2018-02-24T15:30:25.428+0300: 481.687: [Full GC (Ergonomics) [PSYoungGen: 29695K->29695K(58368K)] [ParOldGen: 174991K->174987K(175104K)] 204687K->204683K(233472K), [Metaspace: 9588K->9588K(1058816K)], 0.4886023 secs] [Times: user=3.33 sys=0.00, real=0.49 secs] 
2018-02-24T15:30:25.917+0300: 482.176: [Full GC (Ergonomics) [PSYoungGen: 29696K->29696K(58368K)] [ParOldGen: 174989K->174988K(175104K)] 204685K->204684K(233472K), [Metaspace: 9588K->9588K(1058816K)], 0.5095185 secs] [Times: user=3.45 sys=0.02, real=0.51 secs] 
2018-02-24T15:30:26.426+0300: 482.685: [Full GC (Ergonomics) [PSYoungGen: 29696K->29696K(58368K)] [ParOldGen: 174989K->174989K(175104K)] 204685K->204685K(233472K), [Metaspace: 9588K->9588K(1058816K)], 0.4866275 secs] [Times: user=3.45 sys=0.01, real=0.49 secs] 
2018-02-24T15:30:26.913+0300: 483.172: [Full GC (Ergonomics) [PSYoungGen: 29696K->29696K(58368K)] [ParOldGen: 174990K->174990K(175104K)] 204686K->204686K(233472K), [Metaspace: 9588K->9588K(1058816K)], 0.4910157 secs] [Times: user=3.55 sys=0.02, real=0.49 secs] 
2018-02-24T15:30:27.405+0300: 483.663: [Full GC (Ergonomics) [PSYoungGen: 29696K->29696K(58368K)] [ParOldGen: 174992K->174975K(175104K)] 204688K->204671K(233472K), [Metaspace: 9588K->9588K(1058816K)], 0.4894464 secs] [Times: user=3.23 sys=0.00, real=0.49 secs] 
2018-02-24T15:30:27.894+0300: 484.153: [Full GC (Ergonomics) [PSYoungGen: 29696K->29696K(58368K)] [ParOldGen: 174978K->174975K(175104K)] 204674K->204671K(233472K), [Metaspace: 9588K->9588K(1058816K)], 0.4972354 secs] [Times: user=3.59 sys=0.02, real=0.50 secs] 
2018-02-24T15:30:28.392+0300: 484.651: [Full GC (Ergonomics) [PSYoungGen: 29696K->29696K(58368K)] [ParOldGen: 174980K->174976K(175104K)] 204676K->204672K(233472K), [Metaspace: 9588K->9588K(1058816K)], 0.4825451 secs] [Times: user=3.20 sys=0.05, real=0.48 secs] 
2018-02-24T15:30:28.874+0300: 485.133: [Full GC (Ergonomics) [PSYoungGen: 29696K->29696K(58368K)] [ParOldGen: 174995K->174993K(175104K)] 204691K->204689K(233472K), [Metaspace: 9588K->9588K(1058816K)], 0.4835592 secs] [Times: user=3.39 sys=0.00, real=0.48 secs] 
2018-02-24T15:30:29.358+0300: 485.617: [Full GC (Ergonomics) [PSYoungGen: 29696K->29696K(58368K)] [ParOldGen: 174994K->174994K(175104K)] 204690K->204690K(233472K), [Metaspace: 9588K->9588K(1058816K)], 0.4847417 secs] [Times: user=3.41 sys=0.08, real=0.48 secs] 
2018-02-24T15:30:29.843+0300: 486.102: [Full GC (Ergonomics) [PSYoungGen: 29696K->29696K(58368K)] [ParOldGen: 174995K->174995K(175104K)] 204691K->204691K(233472K), [Metaspace: 9588K->9588K(1058816K)], 0.5047664 secs] [Times: user=3.67 sys=0.00, real=0.51 secs] 
2018-02-24T15:30:30.348+0300: 486.607: [Full GC (Ergonomics) [PSYoungGen: 29696K->29696K(58368K)] [ParOldGen: 174996K->174996K(175104K)] 204692K->204692K(233472K), [Metaspace: 9588K->9588K(1058816K)], 0.4940682 secs] [Times: user=3.55 sys=0.03, real=0.49 secs] 
2018-02-24T15:30:30.842+0300: 487.101: [Full GC (Ergonomics) [PSYoungGen: 29696K->29696K(58368K)] [ParOldGen: 174997K->174997K(175104K)] 204693K->204693K(233472K), [Metaspace: 9589K->9589K(1058816K)], 0.5042060 secs] [Times: user=3.53 sys=0.03, real=0.50 secs] 
2018-02-24T15:30:31.347+0300: 487.606: [Full GC (Ergonomics) [PSYoungGen: 29696K->29696K(58368K)] [ParOldGen: 174998K->174982K(175104K)] 204694K->204678K(233472K), [Metaspace: 9589K->9589K(1058816K)], 0.4933682 secs] [Times: user=3.51 sys=0.00, real=0.49 secs] 
2018-02-24T15:30:31.841+0300: 488.099: [Full GC (Ergonomics) [PSYoungGen: 29696K->29696K(58368K)] [ParOldGen: 174983K->174980K(175104K)] 204679K->204676K(233472K), [Metaspace: 9590K->9590K(1058816K)], 0.4836835 secs] [Times: user=3.45 sys=0.02, real=0.48 secs] 
2018-02-24T15:30:32.324+0300: 488.583: [Full GC (Ergonomics) [PSYoungGen: 29696K->29696K(58368K)] [ParOldGen: 174982K->174982K(175104K)] 204678K->204678K(233472K), [Metaspace: 9590K->9590K(1058816K)], 0.5467106 secs] [Times: user=3.64 sys=0.03, real=0.55 secs] 
2018-02-24T15:30:32.871+0300: 489.130: [Full GC (Ergonomics) [PSYoungGen: 29696K->29696K(58368K)] [ParOldGen: 174983K->174983K(175104K)] 204679K->204679K(233472K), [Metaspace: 9590K->9590K(1058816K)], 0.5843279 secs] [Times: user=4.05 sys=0.05, real=0.59 secs] 
2018-02-24T15:30:33.456+0300: 489.715: [Full GC (Ergonomics) [PSYoungGen: 29696K->29696K(58368K)] [ParOldGen: 174985K->174984K(175104K)] 204681K->204680K(233472K), [Metaspace: 9590K->9590K(1058816K)], 0.5038580 secs] [Times: user=3.53 sys=0.02, real=0.50 secs] 
2018-02-24T15:30:33.960+0300: 490.219: [Full GC (Ergonomics) [PSYoungGen: 29696K->29696K(58368K)] [ParOldGen: 175002K->175001K(175104K)] 204698K->204697K(233472K), [Metaspace: 9590K->9590K(1058816K)], 0.4760777 secs] [Times: user=3.42 sys=0.01, real=0.48 secs] 
2018-02-24T15:30:34.436+0300: 490.695: [Full GC (Ergonomics) [PSYoungGen: 29696K->29696K(58368K)] [ParOldGen: 175002K->175002K(175104K)] 204698K->204698K(233472K), [Metaspace: 9590K->9590K(1058816K)], 0.5026139 secs] [Times: user=3.38 sys=0.05, real=0.50 secs] 
2018-02-24T15:30:34.939+0300: 491.198: [Full GC (Ergonomics) [PSYoungGen: 29696K->29696K(58368K)] [ParOldGen: 175003K->175003K(175104K)] 204699K->204699K(233472K), [Metaspace: 9590K->9590K(1058816K)], 0.4970402 secs] [Times: user=3.27 sys=0.02, real=0.50 secs] 
2018-02-24T15:30:35.436+0300: 491.695: [Full GC (Ergonomics) [PSYoungGen: 29696K->29696K(58368K)] [ParOldGen: 175004K->175004K(175104K)] 204700K->204700K(233472K), [Metaspace: 9590K->9590K(1058816K)], 0.4829862 secs] [Times: user=3.17 sys=0.03, real=0.48 secs] 
2018-02-24T15:30:35.920+0300: 492.178: [Full GC (Ergonomics) 